
> tmd-quasar@0.0.3 test /Users/dekay/Dokumente/projects/programmieren/tmd_quasar
> vitest run --run --coverage


 RUN  v3.2.4 /Users/dekay/Dokumente/projects/programmieren/tmd_quasar
      Coverage enabled with v8

 ✓ src/services/__tests__/coupleService.test.ts (32 tests) 337ms
 ❯ src/composables/__tests__/useTokenRefresh.test.ts (12 tests | 12 failed) 23ms
   × useTokenRefresh composable > TokenState initialization > should initialize with null token state 13ms
     → mockRouter is not defined
   × useTokenRefresh composable > TokenState initialization > should have refreshThreshold set to 5 minutes (300 seconds) 1ms
     → mockRouter is not defined
   × useTokenRefresh composable > Proactive token refresh > should trigger refresh 5 minutes before token expiration 1ms
     → mockRouter is not defined
   × useTokenRefresh composable > Proactive token refresh > should update token and expiresAt timestamp on successful refresh 1ms
     → mockRouter is not defined
   × useTokenRefresh composable > Proactive token refresh > should calculate correct time until refresh 1ms
     → mockRouter is not defined
   × useTokenRefresh composable > Token refresh failure handling > should clear tokens on failed refresh 1ms
     → mockRouter is not defined
   × useTokenRefresh composable > Token refresh failure handling > should redirect to login after failed refresh 1ms
     → mockRouter is not defined
   × useTokenRefresh composable > Token refresh failure handling > should enforce max 3 refresh attempts 1ms
     → mockRouter is not defined
   × useTokenRefresh composable > Token refresh failure handling > should use exponential backoff between attempts 1ms
     → mockRouter is not defined
   × useTokenRefresh composable > Concurrent refresh prevention > should prevent duplicate refresh calls when already refreshing 1ms
     → mockRouter is not defined
   × useTokenRefresh composable > Concurrent refresh prevention > should set isRefreshing flag during refresh 1ms
     → mockRouter is not defined
   × useTokenRefresh composable > Concurrent refresh prevention > should return same promise for concurrent refresh attempts 1ms
     → mockRouter is not defined
 ✓ src/components/auth/__tests__/AuthGuard.test.ts (17 tests) 107ms
 ✓ src/components/__tests__/EventCalendar.spec.ts (8 tests) 387ms
 ✓ src/components/auth/__tests__/LoginForm.test.ts (18 tests) 952ms
 ✓ src/components/auth/__tests__/SessionIndicator.test.ts (16 tests) 1049ms
 ✓ src/services/__tests__/eventListService.test.ts (21 tests) 62ms
 ✓ src/components/__tests__/EssentialLink.spec.ts (8 tests) 139ms
 ✓ src/services/__tests__/djService.test.ts (32 tests) 68ms
 ✓ src/components/__tests__/ListEmptyState.spec.ts (4 tests) 180ms
 ❯ src/composables/__tests__/useMetrics.test.ts (28 tests | 19 failed) 2507ms
   ✓ useMetrics composable > Metrics initialization > should initialize with empty metrics state 3ms
   ✓ useMetrics composable > Metrics initialization > should initialize with empty endpoint map 1ms
   ✓ useMetrics composable > Metrics initialization > should initialize with 1-hour time window 0ms
   ✓ useMetrics composable > Request metrics tracking > should track total request count correctly 3ms
   × useMetrics composable > Request metrics tracking > should track successful requests correctly 10ms
     → expected 4 to be 2 // Object.is equality
   × useMetrics composable > Request metrics tracking > should track failed requests correctly 2ms
     → expected 4 to be 2 // Object.is equality
   × useMetrics composable > Request metrics tracking > should calculate error rate correctly 2ms
     → expected 0.38461538461538464 to be 0.25 // Object.is equality
   × useMetrics composable > Request metrics tracking > should handle zero requests without division errors 1ms
     → expected 0.38461538461538464 to be +0 // Object.is equality
   × useMetrics composable > Response time percentiles > should calculate P50 (median) response time correctly 2ms
     → expected 150 to be 200 // Object.is equality
   ✓ useMetrics composable > Response time percentiles > should calculate P95 response time correctly 48ms
   ✓ useMetrics composable > Response time percentiles > should calculate P99 response time correctly 95ms
   × useMetrics composable > Response time percentiles > should calculate average response time correctly 8ms
     → expected 473.7556561085973 to be 200 // Object.is equality
   × useMetrics composable > Response time percentiles > should handle single request percentile calculation 4ms
     → expected 450 to be 150 // Object.is equality
   × useMetrics composable > Per-endpoint metrics > should track success count per endpoint 7ms
     → expected 213 to be 2 // Object.is equality
   × useMetrics composable > Per-endpoint metrics > should track failure count per endpoint 5ms
     → expected 2 to be +0 // Object.is equality
   × useMetrics composable > Per-endpoint metrics > should calculate average response time per endpoint 4ms
     → expected 475.91743119266056 to be 200 // Object.is equality
   × useMetrics composable > Per-endpoint metrics > should track request count per endpoint 6ms
     → expected 221 to be 3 // Object.is equality
   × useMetrics composable > Per-endpoint metrics > should track top 20 endpoints by volume 2231ms
     → expected '/events' to be '/endpoint25' // Object.is equality
   × useMetrics composable > Per-endpoint metrics > should calculate error rate per endpoint 28ms
     → expected 0.022222222222222223 to be 0.5 // Object.is equality
   ✓ useMetrics composable > Time window management > should maintain 1-hour rolling window 15ms
   × useMetrics composable > Time window management > should expire old metrics correctly 5ms
     → expected 7 to be 5 // Object.is equality
   ✓ useMetrics composable > Time window management > should update window start and end times 1ms
   × useMetrics composable > Time window management > should automatically prune on each record 3ms
     → expected 11 to be 3 // Object.is equality
   × useMetrics composable > Metrics reset > should reset all metrics on demand 4ms
     → expected 14 to be 3 // Object.is equality
   × useMetrics composable > Metrics reset > should clear request history on reset 6ms
     → expected [ { endpoint: '/djs', …(3) }, …(15) ] to have a length of 2 but got 16
   × useMetrics composable > Metrics reset > should reset time window on reset 2ms
     → expected 1705316400000 to be greater than 1705316400000
   × useMetrics composable > Metrics export > should export metrics in correct format 5ms
     → expected { requestMetrics: { …(3) }, …(5) } to have property "endpointStats"
   ✓ useMetrics composable > Metrics export > should include timestamp in export 1ms
stderr | src/composables/__tests__/useAuth.test.ts > useAuth composable > reactive auth state > should provide reactive authentication state
[Vue warn]: inject() can only be used inside setup() or functional components.

stderr | src/composables/__tests__/useAuth.test.ts > useAuth composable > login function > should expose login function
[Vue warn]: inject() can only be used inside setup() or functional components.

stderr | src/composables/__tests__/useAuth.test.ts > useAuth composable > login function > should handle successful login
[Vue warn]: inject() can only be used inside setup() or functional components.

stderr | src/composables/__tests__/useAuth.test.ts > useAuth composable > login function > should handle failed login
[Vue warn]: inject() can only be used inside setup() or functional components.

stderr | src/composables/__tests__/useAuth.test.ts > useAuth composable > login function > should handle failed login
Login error: Error: Login failed
    at [90m/Users/dekay/Dokumente/projects/programmieren/tmd_quasar/[39msrc/composables/__tests__/useAuth.test.ts:74:39
[90m    at processTicksAndRejections (node:internal/process/task_queues:105:5)[39m
    at [90mfile:///Users/dekay/Dokumente/projects/programmieren/tmd_quasar/[39mnode_modules/[4m.pnpm[24m/@vitest+runner@3.2.4/node_modules/[4m@vitest[24m/runner/dist/chunk-hooks.js:752:20

stderr | src/composables/__tests__/useAuth.test.ts > useAuth composable > login function > should update loading state during login
[Vue warn]: inject() can only be used inside setup() or functional components.

stderr | src/composables/__tests__/useAuth.test.ts > useAuth composable > logout function > should expose logout function
[Vue warn]: inject() can only be used inside setup() or functional components.

stderr | src/composables/__tests__/useAuth.test.ts > useAuth composable > logout function > should clear authentication state on logout
[Vue warn]: inject() can only be used inside setup() or functional components.

stdout | src/composables/__tests__/useAuth.test.ts > useAuth composable > logout function > should clear authentication state on logout
Logout: Clearing local state

stderr | src/composables/__tests__/useAuth.test.ts > useAuth composable > verify function > should expose verify function
[Vue warn]: inject() can only be used inside setup() or functional components.

stderr | src/composables/__tests__/useAuth.test.ts > useAuth composable > verify function > should restore session if valid
[Vue warn]: inject() can only be used inside setup() or functional components.

stderr | src/composables/__tests__/useAuth.test.ts > useAuth composable > progressive delays > should calculate login delays correctly
[Vue warn]: inject() can only be used inside setup() or functional components.

stderr | src/composables/__tests__/useAuth.test.ts > useAuth composable > multiple instances > should share state across multiple composable calls
[Vue warn]: inject() can only be used inside setup() or functional components.

 ✓ src/composables/__tests__/useAuth.test.ts (11 tests) 77ms
 ✓ src/components/__tests__/FavoriteCard.test.ts (18 tests) 78ms
 ✓ src/services/__tests__/eventSeriesService.test.ts (31 tests) 87ms
 ✓ src/composables/__tests__/useEventFilters.spec.ts (20 tests) 48ms
stderr | src/stores/__tests__/authStore.test.ts > useAuthStore > initial state > should have correct initial state
[Vue warn]: inject() can only be used inside setup() or functional components.

stderr | src/stores/__tests__/authStore.test.ts > useAuthStore > setUser > should set user
[Vue warn]: inject() can only be used inside setup() or functional components.

stderr | src/stores/__tests__/authStore.test.ts > useAuthStore > login > should successfully login
[Vue warn]: inject() can only be used inside setup() or functional components.

stdout | src/stores/__tests__/authStore.test.ts > useAuthStore > login > should successfully login
Scheduled proactive token refresh in 1500s

stderr | src/stores/__tests__/authStore.test.ts > useAuthStore > login > should handle login failure
[Vue warn]: inject() can only be used inside setup() or functional components.

stderr | src/stores/__tests__/authStore.test.ts > useAuthStore > login > should handle login failure
Login error: Error: Invalid credentials
    at [90m/Users/dekay/Dokumente/projects/programmieren/tmd_quasar/[39msrc/stores/__tests__/authStore.test.ts:106:58
[90m    at processTicksAndRejections (node:internal/process/task_queues:105:5)[39m
    at [90mfile:///Users/dekay/Dokumente/projects/programmieren/tmd_quasar/[39mnode_modules/[4m.pnpm[24m/@vitest+runner@3.2.4/node_modules/[4m@vitest[24m/runner/dist/chunk-hooks.js:752:20

stderr | src/stores/__tests__/authStore.test.ts > useAuthStore > logout > should clear authentication state
[Vue warn]: inject() can only be used inside setup() or functional components.

stdout | src/stores/__tests__/authStore.test.ts > useAuthStore > logout > should clear authentication state
Scheduled proactive token refresh in 1500s

stdout | src/stores/__tests__/authStore.test.ts > useAuthStore > logout > should clear authentication state
Logout: Clearing local state

stderr | src/stores/__tests__/authStore.test.ts > useAuthStore > computed properties > should calculate isAuthenticated correctly
[Vue warn]: inject() can only be used inside setup() or functional components.

stdout | src/stores/__tests__/authStore.test.ts > useAuthStore > computed properties > should calculate isAuthenticated correctly
Scheduled proactive token refresh in 1500s

stderr | src/stores/__tests__/authStore.test.ts > useAuthStore > computed properties > should check user roles correctly
[Vue warn]: inject() can only be used inside setup() or functional components.

 ✓ src/composables/__tests__/useEventCalendar.spec.ts (14 tests) 95ms
 ✓ src/stores/__tests__/authStore.test.ts (7 tests) 44ms
 ✓ src/services/__tests__/v3ApiUtils.test.ts (53 tests) 41ms
stderr | src/composables/__tests__/useSession.test.ts > useSession composable > session state > should provide reactive session state
[Vue warn]: onMounted is called when there is no active component instance to be associated with. Lifecycle injection APIs can only be used during execution of setup(). If you are using async setup(), make sure to register lifecycle hooks before the first await statement.
[Vue warn]: onUnmounted is called when there is no active component instance to be associated with. Lifecycle injection APIs can only be used during execution of setup(). If you are using async setup(), make sure to register lifecycle hooks before the first await statement.

stderr | src/composables/__tests__/useSession.test.ts > useSession composable > saveSession > should save session to storage
[Vue warn]: onMounted is called when there is no active component instance to be associated with. Lifecycle injection APIs can only be used during execution of setup(). If you are using async setup(), make sure to register lifecycle hooks before the first await statement.
[Vue warn]: onUnmounted is called when there is no active component instance to be associated with. Lifecycle injection APIs can only be used during execution of setup(). If you are using async setup(), make sure to register lifecycle hooks before the first await statement.

stderr | src/composables/__tests__/useSession.test.ts > useSession composable > clearSession > should clear session from storage
[Vue warn]: onMounted is called when there is no active component instance to be associated with. Lifecycle injection APIs can only be used during execution of setup(). If you are using async setup(), make sure to register lifecycle hooks before the first await statement.
[Vue warn]: onUnmounted is called when there is no active component instance to be associated with. Lifecycle injection APIs can only be used during execution of setup(). If you are using async setup(), make sure to register lifecycle hooks before the first await statement.

stderr | src/composables/__tests__/useSession.test.ts > useSession composable > restoreSession > should restore valid session from storage
[Vue warn]: onMounted is called when there is no active component instance to be associated with. Lifecycle injection APIs can only be used during execution of setup(). If you are using async setup(), make sure to register lifecycle hooks before the first await statement.
[Vue warn]: onUnmounted is called when there is no active component instance to be associated with. Lifecycle injection APIs can only be used during execution of setup(). If you are using async setup(), make sure to register lifecycle hooks before the first await statement.

stderr | src/composables/__tests__/useSession.test.ts > useSession composable > isSessionValid > should validate session expiration
[Vue warn]: onMounted is called when there is no active component instance to be associated with. Lifecycle injection APIs can only be used during execution of setup(). If you are using async setup(), make sure to register lifecycle hooks before the first await statement.
[Vue warn]: onUnmounted is called when there is no active component instance to be associated with. Lifecycle injection APIs can only be used during execution of setup(). If you are using async setup(), make sure to register lifecycle hooks before the first await statement.

stderr | src/composables/__tests__/useSession.test.ts > useSession composable > getToken > should return current session token
[Vue warn]: onMounted is called when there is no active component instance to be associated with. Lifecycle injection APIs can only be used during execution of setup(). If you are using async setup(), make sure to register lifecycle hooks before the first await statement.
[Vue warn]: onUnmounted is called when there is no active component instance to be associated with. Lifecycle injection APIs can only be used during execution of setup(). If you are using async setup(), make sure to register lifecycle hooks before the first await statement.

stderr | src/composables/__tests__/useSession.test.ts > useSession composable > getToken > should return null if no session exists
[Vue warn]: onMounted is called when there is no active component instance to be associated with. Lifecycle injection APIs can only be used during execution of setup(). If you are using async setup(), make sure to register lifecycle hooks before the first await statement.
[Vue warn]: onUnmounted is called when there is no active component instance to be associated with. Lifecycle injection APIs can only be used during execution of setup(). If you are using async setup(), make sure to register lifecycle hooks before the first await statement.

 ✓ src/composables/__tests__/useSession.test.ts (7 tests) 31ms
 ✓ src/router/__tests__/guards.test.ts (6 tests) 19ms
stdout | src/composables/__tests__/useInteractionCache.test.ts > useInteractionCache > should initialize with empty cache
Starting interaction cache sync...

stdout | src/composables/__tests__/useInteractionCache.test.ts > useInteractionCache > should initialize with empty cache
Synced 0 interactions with server

stdout | src/composables/__tests__/useInteractionCache.test.ts > useInteractionCache > should add interaction to cache
Starting interaction cache sync...

stdout | src/composables/__tests__/useInteractionCache.test.ts > useInteractionCache > should add interaction to cache
Synced 0 interactions with server

stdout | src/composables/__tests__/useInteractionCache.test.ts > useInteractionCache > should remove interaction from cache
Starting interaction cache sync...

stdout | src/composables/__tests__/useInteractionCache.test.ts > useInteractionCache > should remove interaction from cache
Synced 0 interactions with server

stdout | src/composables/__tests__/useInteractionCache.test.ts > useInteractionCache > should get cached interactions for specific content
Starting interaction cache sync...

stdout | src/composables/__tests__/useInteractionCache.test.ts > useInteractionCache > should get cached interactions for specific content
Synced 0 interactions with server

stdout | src/composables/__tests__/useInteractionCache.test.ts > useInteractionCache > should calculate interaction counts correctly
Starting interaction cache sync...

stdout | src/composables/__tests__/useInteractionCache.test.ts > useInteractionCache > should calculate interaction counts correctly
Synced 0 interactions with server

 ✓ src/composables/__tests__/useInteractionCache.test.ts (5 tests) 43ms
stderr | src/services/__tests__/authService.test.ts > authService > login > should throw error on failed login
Login error: Error: Invalid credentials
    at [90m/Users/dekay/Dokumente/projects/programmieren/tmd_quasar/[39msrc/services/__tests__/authService.test.ts:54:60
[90m    at processTicksAndRejections (node:internal/process/task_queues:105:5)[39m
    at [90mfile:///Users/dekay/Dokumente/projects/programmieren/tmd_quasar/[39mnode_modules/[4m.pnpm[24m/@vitest+runner@3.2.4/node_modules/[4m@vitest[24m/runner/dist/chunk-hooks.js:752:20

stderr | src/services/__tests__/authService.test.ts > authService > validateToken > should return false for invalid token
Get current user error: Error: Invalid token
    at [90m/Users/dekay/Dokumente/projects/programmieren/tmd_quasar/[39msrc/services/__tests__/authService.test.ts:110:59
[90m    at processTicksAndRejections (node:internal/process/task_queues:105:5)[39m
    at [90mfile:///Users/dekay/Dokumente/projects/programmieren/tmd_quasar/[39mnode_modules/[4m.pnpm[24m/@vitest+runner@3.2.4/node_modules/[4m@vitest[24m/runner/dist/chunk-hooks.js:752:20

stderr | src/services/__tests__/authService.test.ts > authService > validateToken > should return false for invalid token
Token validation error: Error: Invalid token
    at [90m/Users/dekay/Dokumente/projects/programmieren/tmd_quasar/[39msrc/services/__tests__/authService.test.ts:110:59
[90m    at processTicksAndRejections (node:internal/process/task_queues:105:5)[39m
    at [90mfile:///Users/dekay/Dokumente/projects/programmieren/tmd_quasar/[39mnode_modules/[4m.pnpm[24m/@vitest+runner@3.2.4/node_modules/[4m@vitest[24m/runner/dist/chunk-hooks.js:752:20

 ✓ src/services/__tests__/types.test.ts (10 tests) 22ms
 ✓ src/services/__tests__/authService.test.ts (6 tests) 81ms
 ✓ src/services/__tests__/sessionService.test.ts (11 tests) 24ms
 ✓ src/composables/__tests__/useFormatters.spec.ts (11 tests) 16ms
stderr | src/services/__tests__/eventListService.spec.ts
[Vue warn]: inject() can only be used inside setup() or functional components.

 ✓ src/composables/__tests__/useFormatters.test.ts (5 tests) 10ms
 ✓ src/services/__tests__/eventListService.spec.ts (3 tests | 1 skipped) 23ms
 ✓ src/services/__tests__/teacherService.test.ts (1 test) 8ms

⎯⎯⎯⎯⎯⎯ Failed Tests 31 ⎯⎯⎯⎯⎯⎯⎯

 FAIL  src/composables/__tests__/useMetrics.test.ts > useMetrics composable > Request metrics tracking > should track successful requests correctly
AssertionError: expected 4 to be 2 // Object.is equality

[32m- Expected[39m
[31m+ Received[39m

[32m- 2[39m
[31m+ 4[39m

 ❯ src/composables/__tests__/useMetrics.test.ts:78:63
     76|       recordRequest('/teachers', 200, false);
     77| 
     78|       expect(metrics.value.requestMetrics.successfulRequests).toBe(2);
       |                                                               ^
     79|     });
     80| 

⎯⎯⎯⎯⎯⎯⎯⎯⎯⎯⎯⎯⎯⎯⎯⎯⎯⎯⎯⎯⎯⎯⎯[1/31]⎯

 FAIL  src/composables/__tests__/useMetrics.test.ts > useMetrics composable > Request metrics tracking > should track failed requests correctly
AssertionError: expected 4 to be 2 // Object.is equality

[32m- Expected[39m
[31m+ Received[39m

[32m- 2[39m
[31m+ 4[39m

 ❯ src/composables/__tests__/useMetrics.test.ts:88:59
     86|       recordRequest('/teachers', 200, false);
     87| 
     88|       expect(metrics.value.requestMetrics.failedRequests).toBe(2);
       |                                                           ^
     89|     });
     90| 

⎯⎯⎯⎯⎯⎯⎯⎯⎯⎯⎯⎯⎯⎯⎯⎯⎯⎯⎯⎯⎯⎯⎯[2/31]⎯

 FAIL  src/composables/__tests__/useMetrics.test.ts > useMetrics composable > Request metrics tracking > should calculate error rate correctly
AssertionError: expected 0.38461538461538464 to be 0.25 // Object.is equality

[32m- Expected[39m
[31m+ Received[39m

[32m- 0.25[39m
[31m+ 0.38461538461538464[39m

 ❯ src/composables/__tests__/useMetrics.test.ts:100:52
     98| 
     99|       // 1 failure out of 4 requests = 25% error rate
    100|       expect(metrics.value.errorMetrics.errorRate).toBe(0.25);
       |                                                    ^
    101|     });
    102| 

⎯⎯⎯⎯⎯⎯⎯⎯⎯⎯⎯⎯⎯⎯⎯⎯⎯⎯⎯⎯⎯⎯⎯[3/31]⎯

 FAIL  src/composables/__tests__/useMetrics.test.ts > useMetrics composable > Request metrics tracking > should handle zero requests without division errors
AssertionError: expected 0.38461538461538464 to be +0 // Object.is equality

[32m- Expected[39m
[31m+ Received[39m

[32m- 0[39m
[31m+ 0.38461538461538464[39m

 ❯ src/composables/__tests__/useMetrics.test.ts:106:52
    104|       const { metrics } = useMetrics();
    105| 
    106|       expect(metrics.value.errorMetrics.errorRate).toBe(0);
       |                                                    ^
    107|       expect(metrics.value.performanceMetrics.averageResponseTime).toB…
    108|     });

⎯⎯⎯⎯⎯⎯⎯⎯⎯⎯⎯⎯⎯⎯⎯⎯⎯⎯⎯⎯⎯⎯⎯[4/31]⎯

 FAIL  src/composables/__tests__/useMetrics.test.ts > useMetrics composable > Response time percentiles > should calculate P50 (median) response time correctly
AssertionError: expected 150 to be 200 // Object.is equality

[32m- Expected[39m
[31m+ Received[39m

[32m- 200[39m
[31m+ 150[39m

 ❯ src/composables/__tests__/useMetrics.test.ts:122:64
    120| 
    121|       // Median of [100, 150, 200, 250, 300] = 200
    122|       expect(metrics.value.performanceMetrics.p50ResponseTime).toBe(20…
       |                                                                ^
    123|     });
    124| 

⎯⎯⎯⎯⎯⎯⎯⎯⎯⎯⎯⎯⎯⎯⎯⎯⎯⎯⎯⎯⎯⎯⎯[5/31]⎯

 FAIL  src/composables/__tests__/useMetrics.test.ts > useMetrics composable > Response time percentiles > should calculate average response time correctly
AssertionError: expected 473.7556561085973 to be 200 // Object.is equality

[32m- Expected[39m
[31m+ Received[39m

[32m- 200[39m
[31m+ 473.7556561085973[39m

 ❯ src/composables/__tests__/useMetrics.test.ts:159:68
    157| 
    158|       // Average of [100, 200, 300] = 200
    159|       expect(metrics.value.performanceMetrics.averageResponseTime).toB…
       |                                                                    ^
    160|     });
    161| 

⎯⎯⎯⎯⎯⎯⎯⎯⎯⎯⎯⎯⎯⎯⎯⎯⎯⎯⎯⎯⎯⎯⎯[6/31]⎯

 FAIL  src/composables/__tests__/useMetrics.test.ts > useMetrics composable > Response time percentiles > should handle single request percentile calculation
AssertionError: expected 450 to be 150 // Object.is equality

[32m- Expected[39m
[31m+ Received[39m

[32m- 150[39m
[31m+ 450[39m

 ❯ src/composables/__tests__/useMetrics.test.ts:167:64
    165|       recordRequest('/events', 150, true);
    166| 
    167|       expect(metrics.value.performanceMetrics.p50ResponseTime).toBe(15…
       |                                                                ^
    168|       expect(metrics.value.performanceMetrics.p95ResponseTime).toBe(15…
    169|       expect(metrics.value.performanceMetrics.p99ResponseTime).toBe(15…

⎯⎯⎯⎯⎯⎯⎯⎯⎯⎯⎯⎯⎯⎯⎯⎯⎯⎯⎯⎯⎯⎯⎯[7/31]⎯

 FAIL  src/composables/__tests__/useMetrics.test.ts > useMetrics composable > Per-endpoint metrics > should track success count per endpoint
AssertionError: expected 213 to be 2 // Object.is equality

[32m- Expected[39m
[31m+ Received[39m

[32m- 2[39m
[31m+ 213[39m

 ❯ src/composables/__tests__/useMetrics.test.ts:181:59
    179|       recordRequest('/djs', 200, true);
    180| 
    181|       expect(endpointStats.value['/events'].successCount).toBe(2);
       |                                                           ^
    182|       expect(endpointStats.value['/djs'].successCount).toBe(1);
    183|     });

⎯⎯⎯⎯⎯⎯⎯⎯⎯⎯⎯⎯⎯⎯⎯⎯⎯⎯⎯⎯⎯⎯⎯[8/31]⎯

 FAIL  src/composables/__tests__/useMetrics.test.ts > useMetrics composable > Per-endpoint metrics > should track failure count per endpoint
AssertionError: expected 2 to be +0 // Object.is equality

[32m- Expected[39m
[31m+ Received[39m

[32m- 0[39m
[31m+ 2[39m

 ❯ src/composables/__tests__/useMetrics.test.ts:193:56
    191| 
    192|       expect(endpointStats.value['/events'].failureCount).toBe(2);
    193|       expect(endpointStats.value['/djs'].failureCount).toBe(0);
       |                                                        ^
    194|     });
    195| 

⎯⎯⎯⎯⎯⎯⎯⎯⎯⎯⎯⎯⎯⎯⎯⎯⎯⎯⎯⎯⎯⎯⎯[9/31]⎯

 FAIL  src/composables/__tests__/useMetrics.test.ts > useMetrics composable > Per-endpoint metrics > should calculate average response time per endpoint
AssertionError: expected 475.91743119266056 to be 200 // Object.is equality

[32m- Expected[39m
[31m+ Received[39m

[32m- 200[39m
[31m+ 475.91743119266056[39m

 ❯ src/composables/__tests__/useMetrics.test.ts:204:66
    202| 
    203|       // Average of [100, 200, 300] = 200
    204|       expect(endpointStats.value['/events'].averageResponseTime).toBe(…
       |                                                                  ^
    205|     });
    206| 

⎯⎯⎯⎯⎯⎯⎯⎯⎯⎯⎯⎯⎯⎯⎯⎯⎯⎯⎯⎯⎯⎯[10/31]⎯

 FAIL  src/composables/__tests__/useMetrics.test.ts > useMetrics composable > Per-endpoint metrics > should track request count per endpoint
AssertionError: expected 221 to be 3 // Object.is equality

[32m- Expected[39m
[31m+ Received[39m

[32m- 3[39m
[31m+ 221[39m

 ❯ src/composables/__tests__/useMetrics.test.ts:215:59
    213|       recordRequest('/djs', 250, true);
    214| 
    215|       expect(endpointStats.value['/events'].requestCount).toBe(3);
       |                                                           ^
    216|       expect(endpointStats.value['/djs'].requestCount).toBe(1);
    217|     });

⎯⎯⎯⎯⎯⎯⎯⎯⎯⎯⎯⎯⎯⎯⎯⎯⎯⎯⎯⎯⎯⎯[11/31]⎯

 FAIL  src/composables/__tests__/useMetrics.test.ts > useMetrics composable > Per-endpoint metrics > should track top 20 endpoints by volume
AssertionError: expected '/events' to be '/endpoint25' // Object.is equality

Expected: [32m"/e[7mndpoint25[27m"[39m
Received: [31m"/e[7mvents[27m"[39m

 ❯ src/composables/__tests__/useMetrics.test.ts:235:40
    233|       expect(topEndpoints).toHaveLength(20);
    234|       // Should be sorted by request count descending
    235|       expect(topEndpoints[0].endpoint).toBe('/endpoint25');
       |                                        ^
    236|       expect(topEndpoints[0].requestCount).toBe(25);
    237|       expect(topEndpoints[19].endpoint).toBe('/endpoint6');

⎯⎯⎯⎯⎯⎯⎯⎯⎯⎯⎯⎯⎯⎯⎯⎯⎯⎯⎯⎯⎯⎯[12/31]⎯

 FAIL  src/composables/__tests__/useMetrics.test.ts > useMetrics composable > Per-endpoint metrics > should calculate error rate per endpoint
AssertionError: expected 0.022222222222222223 to be 0.5 // Object.is equality

[32m- Expected[39m
[31m+ Received[39m

[32m- 0.5[39m
[31m+ 0.022222222222222223[39m

 ❯ src/composables/__tests__/useMetrics.test.ts:250:56
    248| 
    249|       // 2 failures out of 4 requests = 50% error rate
    250|       expect(endpointStats.value['/events'].errorRate).toBe(0.5);
       |                                                        ^
    251|     });
    252|   });

⎯⎯⎯⎯⎯⎯⎯⎯⎯⎯⎯⎯⎯⎯⎯⎯⎯⎯⎯⎯⎯⎯[13/31]⎯

 FAIL  src/composables/__tests__/useMetrics.test.ts > useMetrics composable > Time window management > should expire old metrics correctly
AssertionError: expected 7 to be 5 // Object.is equality

[32m- Expected[39m
[31m+ Received[39m

[32m- 5[39m
[31m+ 7[39m

 ❯ src/composables/__tests__/useMetrics.test.ts:289:58
    287|       }
    288| 
    289|       expect(metrics.value.requestMetrics.totalRequests).toBe(5);
       |                                                          ^
    290| 
    291|       // Advance time by 65 minutes (past 1-hour window)

⎯⎯⎯⎯⎯⎯⎯⎯⎯⎯⎯⎯⎯⎯⎯⎯⎯⎯⎯⎯⎯⎯[14/31]⎯

 FAIL  src/composables/__tests__/useMetrics.test.ts > useMetrics composable > Time window management > should automatically prune on each record
AssertionError: expected 11 to be 3 // Object.is equality

[32m- Expected[39m
[31m+ Received[39m

[32m- 3[39m
[31m+ 11[39m

 ❯ src/composables/__tests__/useMetrics.test.ts:327:58
    325|       recordRequest('/teachers', 200, true);
    326| 
    327|       expect(metrics.value.requestMetrics.totalRequests).toBe(3);
       |                                                          ^
    328| 
    329|       // Advance time by 65 minutes

⎯⎯⎯⎯⎯⎯⎯⎯⎯⎯⎯⎯⎯⎯⎯⎯⎯⎯⎯⎯⎯⎯[15/31]⎯

 FAIL  src/composables/__tests__/useMetrics.test.ts > useMetrics composable > Metrics reset > should reset all metrics on demand
AssertionError: expected 14 to be 3 // Object.is equality

[32m- Expected[39m
[31m+ Received[39m

[32m- 3[39m
[31m+ 14[39m

 ❯ src/composables/__tests__/useMetrics.test.ts:349:58
    347|       recordRequest('/teachers', 200, true);
    348| 
    349|       expect(metrics.value.requestMetrics.totalRequests).toBe(3);
       |                                                          ^
    350|       expect(Object.keys(endpointStats.value)).toHaveLength(3);
    351| 

⎯⎯⎯⎯⎯⎯⎯⎯⎯⎯⎯⎯⎯⎯⎯⎯⎯⎯⎯⎯⎯⎯[16/31]⎯

 FAIL  src/composables/__tests__/useMetrics.test.ts > useMetrics composable > Metrics reset > should clear request history on reset
AssertionError: expected [ { endpoint: '/djs', …(3) }, …(15) ] to have a length of 2 but got 16

[32m- Expected[39m
[31m+ Received[39m

[32m- 2[39m
[31m+ 16[39m

 ❯ src/composables/__tests__/useMetrics.test.ts:368:36
    366|       recordRequest('/djs', 150, true);
    367| 
    368|       expect(requestHistory.value).toHaveLength(2);
       |                                    ^
    369| 
    370|       resetMetrics();

⎯⎯⎯⎯⎯⎯⎯⎯⎯⎯⎯⎯⎯⎯⎯⎯⎯⎯⎯⎯⎯⎯[17/31]⎯

 FAIL  src/composables/__tests__/useMetrics.test.ts > useMetrics composable > Metrics reset > should reset time window on reset
AssertionError: expected 1705316400000 to be greater than 1705316400000
 ❯ src/composables/__tests__/useMetrics.test.ts:393:30
    391| 
    392|       // Start time should be updated to current time after reset
    393|       expect(startTimeAfter).toBeGreaterThan(startTimeBefore);
       |                              ^
    394|     });
    395|   });

⎯⎯⎯⎯⎯⎯⎯⎯⎯⎯⎯⎯⎯⎯⎯⎯⎯⎯⎯⎯⎯⎯[18/31]⎯

 FAIL  src/composables/__tests__/useMetrics.test.ts > useMetrics composable > Metrics export > should export metrics in correct format
AssertionError: expected { requestMetrics: { …(3) }, …(5) } to have property "endpointStats"
 ❯ src/composables/__tests__/useMetrics.test.ts:409:24
    407|       expect(exported).toHaveProperty('errorMetrics');
    408|       expect(exported).toHaveProperty('performanceMetrics');
    409|       expect(exported).toHaveProperty('endpointStats');
       |                        ^
    410|       expect(exported).toHaveProperty('timeWindow');
    411|       expect(exported).toHaveProperty('exportedAt');

⎯⎯⎯⎯⎯⎯⎯⎯⎯⎯⎯⎯⎯⎯⎯⎯⎯⎯⎯⎯⎯⎯[19/31]⎯

 FAIL  src/composables/__tests__/useTokenRefresh.test.ts > useTokenRefresh composable > TokenState initialization > should initialize with null token state
ReferenceError: mockRouter is not defined
 ❯ useRouter src/composables/__tests__/useTokenRefresh.test.ts:173:26
    171|       // Mock router
    172|       vi.mock('vue-router', () => ({
    173|         useRouter: () => mockRouter,
       |                          ^
    174|       }));
    175| 
 ❯ Module.useTokenRefresh src/composables/useTokenRefresh.ts:62:18
 ❯ src/composables/__tests__/useTokenRefresh.test.ts:30:30

⎯⎯⎯⎯⎯⎯⎯⎯⎯⎯⎯⎯⎯⎯⎯⎯⎯⎯⎯⎯⎯⎯[20/31]⎯

 FAIL  src/composables/__tests__/useTokenRefresh.test.ts > useTokenRefresh composable > TokenState initialization > should have refreshThreshold set to 5 minutes (300 seconds)
ReferenceError: mockRouter is not defined
 ❯ useRouter src/composables/__tests__/useTokenRefresh.test.ts:173:26
    171|       // Mock router
    172|       vi.mock('vue-router', () => ({
    173|         useRouter: () => mockRouter,
       |                          ^
    174|       }));
    175| 
 ❯ Module.useTokenRefresh src/composables/useTokenRefresh.ts:62:18
 ❯ src/composables/__tests__/useTokenRefresh.test.ts:41:30

⎯⎯⎯⎯⎯⎯⎯⎯⎯⎯⎯⎯⎯⎯⎯⎯⎯⎯⎯⎯⎯⎯[21/31]⎯

 FAIL  src/composables/__tests__/useTokenRefresh.test.ts > useTokenRefresh composable > Proactive token refresh > should trigger refresh 5 minutes before token expiration
ReferenceError: mockRouter is not defined
 ❯ useRouter src/composables/__tests__/useTokenRefresh.test.ts:173:26
    171|       // Mock router
    172|       vi.mock('vue-router', () => ({
    173|         useRouter: () => mockRouter,
       |                          ^
    174|       }));
    175| 
 ❯ Module.useTokenRefresh src/composables/useTokenRefresh.ts:62:18
 ❯ src/composables/__tests__/useTokenRefresh.test.ts:49:70

⎯⎯⎯⎯⎯⎯⎯⎯⎯⎯⎯⎯⎯⎯⎯⎯⎯⎯⎯⎯⎯⎯[22/31]⎯

 FAIL  src/composables/__tests__/useTokenRefresh.test.ts > useTokenRefresh composable > Proactive token refresh > should update token and expiresAt timestamp on successful refresh
ReferenceError: mockRouter is not defined
 ❯ useRouter src/composables/__tests__/useTokenRefresh.test.ts:173:26
    171|       // Mock router
    172|       vi.mock('vue-router', () => ({
    173|         useRouter: () => mockRouter,
       |                          ^
    174|       }));
    175| 
 ❯ Module.useTokenRefresh src/composables/useTokenRefresh.ts:62:18
 ❯ src/composables/__tests__/useTokenRefresh.test.ts:74:44

⎯⎯⎯⎯⎯⎯⎯⎯⎯⎯⎯⎯⎯⎯⎯⎯⎯⎯⎯⎯⎯⎯[23/31]⎯

 FAIL  src/composables/__tests__/useTokenRefresh.test.ts > useTokenRefresh composable > Proactive token refresh > should calculate correct time until refresh
ReferenceError: mockRouter is not defined
 ❯ useRouter src/composables/__tests__/useTokenRefresh.test.ts:173:26
    171|       // Mock router
    172|       vi.mock('vue-router', () => ({
    173|         useRouter: () => mockRouter,
       |                          ^
    174|       }));
    175| 
 ❯ Module.useTokenRefresh src/composables/useTokenRefresh.ts:62:18
 ❯ src/composables/__tests__/useTokenRefresh.test.ts:114:57

⎯⎯⎯⎯⎯⎯⎯⎯⎯⎯⎯⎯⎯⎯⎯⎯⎯⎯⎯⎯⎯⎯[24/31]⎯

 FAIL  src/composables/__tests__/useTokenRefresh.test.ts > useTokenRefresh composable > Token refresh failure handling > should clear tokens on failed refresh
ReferenceError: mockRouter is not defined
 ❯ useRouter src/composables/__tests__/useTokenRefresh.test.ts:173:26
    171|       // Mock router
    172|       vi.mock('vue-router', () => ({
    173|         useRouter: () => mockRouter,
       |                          ^
    174|       }));
    175| 
 ❯ Module.useTokenRefresh src/composables/useTokenRefresh.ts:62:18
 ❯ src/composables/__tests__/useTokenRefresh.test.ts:140:44

⎯⎯⎯⎯⎯⎯⎯⎯⎯⎯⎯⎯⎯⎯⎯⎯⎯⎯⎯⎯⎯⎯[25/31]⎯

 FAIL  src/composables/__tests__/useTokenRefresh.test.ts > useTokenRefresh composable > Token refresh failure handling > should redirect to login after failed refresh
ReferenceError: mockRouter is not defined
 ❯ useRouter src/composables/__tests__/useTokenRefresh.test.ts:173:26
    171|       // Mock router
    172|       vi.mock('vue-router', () => ({
    173|         useRouter: () => mockRouter,
       |                          ^
    174|       }));
    175| 
 ❯ Module.useTokenRefresh src/composables/useTokenRefresh.ts:62:18
 ❯ src/composables/__tests__/useTokenRefresh.test.ts:168:40

⎯⎯⎯⎯⎯⎯⎯⎯⎯⎯⎯⎯⎯⎯⎯⎯⎯⎯⎯⎯⎯⎯[26/31]⎯

 FAIL  src/composables/__tests__/useTokenRefresh.test.ts > useTokenRefresh composable > Token refresh failure handling > should enforce max 3 refresh attempts
ReferenceError: mockRouter is not defined
 ❯ useRouter src/composables/__tests__/useTokenRefresh.test.ts:173:26
    171|       // Mock router
    172|       vi.mock('vue-router', () => ({
    173|         useRouter: () => mockRouter,
       |                          ^
    174|       }));
    175| 
 ❯ Module.useTokenRefresh src/composables/useTokenRefresh.ts:62:18
 ❯ src/composables/__tests__/useTokenRefresh.test.ts:182:44

⎯⎯⎯⎯⎯⎯⎯⎯⎯⎯⎯⎯⎯⎯⎯⎯⎯⎯⎯⎯⎯⎯[27/31]⎯

 FAIL  src/composables/__tests__/useTokenRefresh.test.ts > useTokenRefresh composable > Token refresh failure handling > should use exponential backoff between attempts
ReferenceError: mockRouter is not defined
 ❯ useRouter src/composables/__tests__/useTokenRefresh.test.ts:173:26
    171|       // Mock router
    172|       vi.mock('vue-router', () => ({
    173|         useRouter: () => mockRouter,
       |                          ^
    174|       }));
    175| 
 ❯ Module.useTokenRefresh src/composables/useTokenRefresh.ts:62:18
 ❯ src/composables/__tests__/useTokenRefresh.test.ts:212:44

⎯⎯⎯⎯⎯⎯⎯⎯⎯⎯⎯⎯⎯⎯⎯⎯⎯⎯⎯⎯⎯⎯[28/31]⎯

 FAIL  src/composables/__tests__/useTokenRefresh.test.ts > useTokenRefresh composable > Concurrent refresh prevention > should prevent duplicate refresh calls when already refreshing
ReferenceError: mockRouter is not defined
 ❯ useRouter src/composables/__tests__/useTokenRefresh.test.ts:173:26
    171|       // Mock router
    172|       vi.mock('vue-router', () => ({
    173|         useRouter: () => mockRouter,
       |                          ^
    174|       }));
    175| 
 ❯ Module.useTokenRefresh src/composables/useTokenRefresh.ts:62:18
 ❯ src/composables/__tests__/useTokenRefresh.test.ts:251:44

⎯⎯⎯⎯⎯⎯⎯⎯⎯⎯⎯⎯⎯⎯⎯⎯⎯⎯⎯⎯⎯⎯[29/31]⎯

 FAIL  src/composables/__tests__/useTokenRefresh.test.ts > useTokenRefresh composable > Concurrent refresh prevention > should set isRefreshing flag during refresh
ReferenceError: mockRouter is not defined
 ❯ useRouter src/composables/__tests__/useTokenRefresh.test.ts:173:26
    171|       // Mock router
    172|       vi.mock('vue-router', () => ({
    173|         useRouter: () => mockRouter,
       |                          ^
    174|       }));
    175| 
 ❯ Module.useTokenRefresh src/composables/useTokenRefresh.ts:62:18
 ❯ src/composables/__tests__/useTokenRefresh.test.ts:300:44

⎯⎯⎯⎯⎯⎯⎯⎯⎯⎯⎯⎯⎯⎯⎯⎯⎯⎯⎯⎯⎯⎯[30/31]⎯

 FAIL  src/composables/__tests__/useTokenRefresh.test.ts > useTokenRefresh composable > Concurrent refresh prevention > should return same promise for concurrent refresh attempts
ReferenceError: mockRouter is not defined
 ❯ useRouter src/composables/__tests__/useTokenRefresh.test.ts:173:26
    171|       // Mock router
    172|       vi.mock('vue-router', () => ({
    173|         useRouter: () => mockRouter,
       |                          ^
    174|       }));
    175| 
 ❯ Module.useTokenRefresh src/composables/useTokenRefresh.ts:62:18
 ❯ src/composables/__tests__/useTokenRefresh.test.ts:347:32

⎯⎯⎯⎯⎯⎯⎯⎯⎯⎯⎯⎯⎯⎯⎯⎯⎯⎯⎯⎯⎯⎯[31/31]⎯


 Test Files  2 failed | 26 passed (28)
      Tests  31 failed | 383 passed | 1 skipped (415)
   Start at  14:06:58
   Duration  10.47s (transform 2.75s, setup 6.38s, collect 6.41s, tests 6.56s, environment 18.65s, prepare 6.65s)

 ELIFECYCLE  Test failed. See above for more details.
